# seq|timestamp|hash — append-only. Ver README.
1|1788690635|3954c3ba34d040f5e7177a3b6ee80fe295432592101059ebe78b61cfe39d47e5
2|1788690635|d7d687a69f1c738ccc87e53d02887430a1ac427062e3ca5777bf1caeeb3d142b
3|1788697476|095ce150c6ec61e42884303dcb5bc8b373743b63092c20f326c2fe2c537dbb78
4|1788698076|b3e31018d72ef612106eae13c315c5393610a6f9ce02532032b883cc7eece411
5|1788699877|f45806700e9049c0a583ae9cd3fe1058aa7dc5c4e7f51b3bf1ca74be5d6845e5
6|1788700476|e3eb65e81438ba1793935dda1b23a88e3cccf6890a1cf5a233d92549ee803b0e
7|1788703512|8b807def944fb023bf52f0d32b5a81adf55ad944010f4db7b1487486afc7eebc
8|1788703512|ce71d80e0e35c07e832ba49c1148f9683b0cbe101f7d22aaf5065ca998872339
9|1788705543|5b1da141458a0ca46d7e425f39c85ba34bbfd0fc60c09a7715399d0dfde64f65
10|1788705782|e7c2a75540765ce8191f5e15457027692e5ba78b7d1dc36f568cd03555472c60
11|1788706975|fa3d68b3fcef4d7413f47e7a1b894f7c0b903a9e9bf502cdcdc03b2c458344ac
12|1788714379|81f4887c60ee4ccb5a7e8bcea7c3f1e2d4689903759a8200fab29a153c4681e9
13|1788716538|bea5fbd35abf144a81aeb71e44967d351500361eb3534e4ec3c91de77e10d33e
14|1788717386|24fec8ac722d1afb3d54a75b72e25269a811c11bb68c2759905d8910595e3110
15|1788721072|bee1bd44d7e6d55f71bb5f2221813306dbc31742bf28e6c2852614b975a7a68e
16|1788723759|f1f7f973e9cb61b1723b2a579326d59bd6f880f7e724cee7fac2d9fd31c3f0a7
17|1788725966|fa9b5a57aaa4cf1fe67cb20808dfa3418b551ffa37b7a1eecc578af5adb47755
18|1788725966|bdf73ac355330d7f190229d648a0414d1ba1c43abf27dc89c7d22477ea641d5f
19|1788760189|a5dfaf7b344033e73e0115ad05f6b22b9cecc37d16622c3dc1cd810d1b7d5f71
20|1788760671|bd3072505b1d063cd9e2f5663dc75a52ea25512f94aa4c1851748308cd50bfe1
21|1788760671|7cec4b8ce6d94ba98a49072329bc1f9c1bffc36a62e36cbc5a0c29bc6c4546a6
22|1788773031|4c3ba3c0aa00ba0cb84b25c1e45e666b48f5416739c2c4805b14b257b5d3ea88
23|1788773031|dcd61e394dfcb2a8361bcf990a63a92a43c78ae95b431164bb4424edc20b5029
24|1788776871|059c411e95a0a3747b0b58391a639aeeea515ccf80d43e0ecfb063ece3156df0
25|1788777831|407ee006502d1be211a7ec82b0b146af67e58abd62873e20f0edd6b215c52ba3
26|1788778671|a566d2d3279477fe48e78defb47f7ba8d89c6423856957ed0cec0859de686c2c
27|1788780471|57313cb6053608083ea55d00b4b8875fcb3cf2c48e24af234469259e0456bf08
28|1788780711|d2bc9853b2f0752946eca0471be61a2356991d9640199e01fa6b4da67b764e9f
29|1788783712|9e29316b5dbb86a3ab0005ff0909d2ec722fdc3a3b74bca3f0c7d9f7e0692986
30|1788785272|16eff415aa1c734337ebcd018206a298c219a6a601e6d521722edfb2e14e7b66
31|1788785870|6178b45c3aa5e73502b1c8ddd64467dffcdecaa7554ae902dcd06a6ac77c0217
32|1788786231|4496985afdd50305584ace7948f3e976f20966383a9ccb083b16e9c8a35159f1
33|1788786231|c40d482730fd49f7b1e715012acab0eb99240a45f3e1df499e46e9e267bbaeaf
34|1788787910|69c8dda3265fe8375049d51c8f42f8d3cbf747a98ef185a8a2f9f0ed77a732b8
35|1788789832|bae3bb0b67428739341844bcfa5500881ead8ae3da0949118fc9bb5f0f9f702c
36|1788789832|8438f5c96eec185aec9e63222a617cdb2e433abb7a788e1ed44060ab5f94e551
37|1788791631|3050a68fbaaf649ba80f71e2e73e5d97f0494d7f0379fbb26577bb477bc9d632
38|1788793432|b38fe580e56485e2ca088aa7be72c0bdcf6004f4807498afcabf0bc3c8b78a7e
39|1788795185|f38e9b7711301954eb77e100ccf2e403e28848b337a2f2b0716c871081220ba7
40|1788796674|ae0697ad3a81f52013f09805e66f22977458eb8ed3a031eae17a701c080f6fcd
41|1788796674|b87a708f601ce3f7ecab8d8fe82935411dfe0b84069782a5409c94ad22779dbd
42|1788798382|6dd264984e8e64f4c661133a6137779bb3844cff0545981cff8bbeddb3201d43
43|1788801391|e2d030082ef887f154bd5e038d563505962d6a542fe0a462d65a6a4ecd96a572
44|1788804129|73b06c9ba0647a3d715ad4dd121be1898d715a7519a27cbed2a452da9fd657bb
45|1788805600|4d626a64f0d866c596fabf7d69509feeeb8ae2c8ab20a2d395785df8de04e1f6
46|1788806874|88d2f73fce3816e9b20dc101ea1273f71e60d440a3b52911fcb8442be2dd477a
1|1788811469|12787e043ee20d469c61241795d2798e6ee88037479a3533cf858b98d5566ce1
2|1788811469|1065cb80d1115166600a18941c8dbc4f81baece99df02a3d40ad345ed2c65c33
3|1788812383|d4125f355ae3102a519dd7c98853244d43bdc817c2da8f84be6810f2eaeba14f
4|1788813700|a2c1ef466cc1c6c3030ef812ea817a54346f1a65117a3521bd451ca9b727d002
5|1788814058|8fd55a87c689f3c9b5404a18c2709fb4f932efe334a187b7e08546b3aeb1a352
6|1788814926|1ba729db3dfc02db44af949aca9fa8fedbbdba032bfc473d1e396d888e515043
7|1788816966|47461a66497926aa3d31f17c56dfce8458f27df965b0cfa05ae085cd9648f661
8|1788816966|fd47af79bb0faef643cf5c2c080d68cd77557de0bc96c8d40a74fdbc2c4cafae
9|1788820924|0b6f088f76785ad1407446d44e8d7103d450e00b1bbad112d5c140cbd4708608
10|1788822604|e6e6b76207e496901b67d098cb122cbdaf39929612e7176d6dda19564c0f789e
11|1788822725|1d7807183e168e28d0b9f8f89ceca496a48174f3c8b820d05270be0911a3056b
12|1788840667|98fe595b9d48c0496b1dd07c782d2b0027c26ce4a3cd82df2f6f2ff2d767b1cc
13|1788841027|726b050948d5c10424128077fac1037080507b4f8f2edb52a591b1268186c748
14|1788841989|87092ac37e0e2150318bff77cb2e4bdef4b5dadd35207bea62634ac4e8f95b1a
15|1788843425|d90381466061c6a328d6c386521fca05b063c94367c11e7093835bf8c6a359cb
16|1788843671|d826431186b6d4a5133a276de97d5d0e5e7b024a174a566e354c08d8f3a65acd
17|1788844387|7a23b6f62672743757884368a44598aaa7e6895ee57a87c265f0582f510d73e8
18|1788844626|acb5943fabefb6521d2c2c7ccda6cd581f54b17391f7c3895c98d72e97518ef0
19|1788844626|2819c95bd9a28656be6bf21baa24d6cf08bc6dc9529d1297642799b9a78dbf6a
20|1788845587|21cfafdb7edf73af8599014441ded7bc4f30b8c731be42e04f64ce7e7df5e88d
21|1788846428|530f3713a9125de0fa52082254d26c3fff562a919ebf3af7ac3dfbe8a05dbd8c
22|1788847397|3088fe9ea015f9ed67e1fe773ed5fc837b280c6d06ce0990df251554e661860a
23|1788849188|20149acb78679ca60db0e3c0322725bc2a5f25413f237c5a25797b5fe001a6d0
24|1788849188|aa3dff4aa40822174e284c0a770244e55fccaf8a5baa5d841ff86de8c93c7597
25|1788849788|f81a7b26694c12e83cd6b24d4c75a597a22c4a2f0a98cecee4c80a2ed73dba3b
26|1788850985|100d0db0d6e8b353252e2950f97e7b044e1aa9e9809e92a9fd66841d9f9601d3
27|1788852427|79ffa562aa71fab97e3c8737ce9add0d62ec43bf9aa66a9a0c45e0ae5c0c72a5
28|1788852788|59a5b84fa6eb0e9145b90b9090d05e210e359cf537d0a5f26a261102617abcad
29|1788854229|f9ab1b62a2f231556210163e4fa21aa3091dc119430ce64b126dcf8d7f94b409
30|1788854229|875846a307c93c3e0a08b996bf7f42f89c7094291528de69811a36b04afd22c6
31|1788854587|eafca8b20fec9920183a51db136a4c485a0b141eea38df57098fed8e5195f7b0
32|1788856987|22770ed8904ea32449ca32a978921e8314bc52b8bfc4a54c337770f1203cd334
33|1788857228|b377f8252e020eb34576f8bce414dea185ac6b6366c1bf92a529ded4a9cc9a80
34|1788857827|637408d9f49c6cc9c92a107ddb7a75b7d645f036a6891ff3fc6ff7a6c8613c88
35|1788858428|d83c9df163a120e55b933be98ed2777b46a577d97978f5d5f0596ca51aaf12aa
36|1788859388|bb0bc12375699f3ec18d838476b69a083ee43414a7b265b699695a53641371da
37|1788859627|4b425f17db242de8f661aaa06ca654ce8b95f71ab8377185de97a86f222921a0
38|1788860228|58cb6ac6520f0fc2aa52fb26091c9e88883388ba074c3acde5b49e64307d76a1
39|1788860948|51c774775a9e65fa3a78cd569ac782b61b30a067b7d2191ce0fb14cb7060d4ce
40|1788861668|21fae4127046a130ec756aa14869fea2f9edb337088c45d809b55ad795caca20
41|1788862635|ecc1e44750e2bab9e2598db7ea698c03eeecdfc91c688b25440141019dfdbc4e
42|1788862635|c2e0b6d2ef9af6627a94c2ffcd48a0d9e8dbbaf3a3d2d2890968dcecc1b0d2f4
43|1788862635|6b439330f6f3d1a7fc0c819d28ccad7a0675dd1883a0bcc338504df31d0f2538
44|1788862635|ceccd2273e08c5b43a43970f584e4e15954a7d14a74dbf869427de45ab9d67ea
45|1788863588|821742bdce9e3e54f3281d4634db4850ec5fe075bb538e8accbeeef0beeae12b
46|1788863588|1b5c46cefc15518d345c42cf800007bf9ff33c7de85e8601c72766d5fceffeae
47|1788864787|12311e5e78c4e149e4abd7c3c9457481d14bcdd6e0139863a7570ced6fc76fd4
48|1788865389|370f2a7fda965fef0ff36fc7972a1f22da639cff6840a3a019a91a9910eda8fe
49|1788865389|648af143640ef8a982833ebe20a49fe44bcf6e4e17795a77f302478445eb4eb8
50|1788865987|b80c23ba19f5a5ade7040d74cdfd8a1ab539de12fff60447df18773819eee4af
51|1788866827|4f347b35c66e6c9a37c3a75657705391c7d21a74dc84f1df46bebe7c8b7aa50f
52|1788866827|7c94d00c2ea183fc0e93fc5f79622b32945ca2eefd974142edaf177fb147da32
53|1788867187|6b63332550f226415437e2982ef5fdc1354ad5e8c8996c74e1d8f95785d47b5b
54|1788867187|ff3a715bc9227ea5df5bc4ea200865bca9d3936593a005a4349a5a9f820b6166
55|1788867187|0ba4d4e11f0028b405ec58b2889c805024da6ef3eebe8add4f0bb32e7bbd5380
56|1788867187|59ebcb287bf8ac108493f39a42129c61be971fa015f9cd955eeaeef3beb41a53
57|1788867187|d537eb67da5282df808b4ede66e7b60472c18fe85eb85226a77641ad7ba08abc
58|1788867187|0529f6b25fbd047090250f1604dbcbe95f22c370169a6a255749e08bd2544387
59|1788867429|ec8b83ade36ac44d40052c8f8c6225c6ed702db3c9598a6a8e37cc9560854ae5
60|1788868987|c937de2b8e2a3b73fae8dfe4b12b7bb141d7067ea4733ca1eebb27ed0fae7d1b
61|1788868987|2a7c7dbf5167ee91587ca12b8d0d6517f9a9b304cbf8efeb3ad733ee90fc7e02
62|1788872229|6464c3af277a9ff991e1d3f44198de459c9e4febad7000a9c800bf1a111d5c11
63|1788872597|21a399fe1a03f43feb5c5d0097c4fc80ea3697e8e219d811a0fc84e79b72544f
64|1788872597|e522da93d825c77cf54608aa1d3f5721a65f46e2634f7531f6915e3fbf7786ba
65|1788874389|fea9dd0c04e352eb39e6916e8ab5afa8c1fa9cb1fa64e3d050b90e29144c7343
66|1788874389|592d45e134179b7f951f70ac241bac70743040f7390209453cad7ebc15437652
67|1788874629|e831d94cc340bb5bd846b6df1cf8a1944567c9c7c3dd4100d154d0f981624e09
68|1788874629|521d6d1671ce62548260b61c9d32ef05202ae733c77d408778ae074911e5f97b
69|1788878227|bb2409c99aa98d5accc69c443adeee78c6e10232079d557abd7b6634fe121373
70|1788879937|11f1bda5c35578222052d4933e0e909ce1f60c88cc301cb19fe1907f7f361a96
71|1788879937|66e917129a9931c2becd42a2d3802688e86ae7eb634bcd0faad74cccb1a9c975
72|1788880987|cd924384c229616ca00ccb27661d5cb412259639c84150093e635a536ed1ff7f
73|1788880987|f6d27fb1fa8ba493a233038648745c98c7c2ed3e9a5a3fe65ae13a50ba6d1256
74|1788881244|2b14c1b788c66c61a7d945cefc59d51b4e4f1746bc3be40062895738a4d07e53
75|1788881244|cbc8f48c624790ccf06300c2c242c0da1d62a9a8c6ec8b9e451b3521fee6208c
76|1788883030|a17f2d4150084c2a6cdc55390c09a1a1c8866afeeb4ef00c92567202b284a950
77|1788884589|8c776df5ebc5215ba79fd042b1cb014c74a5cf5426249f2f42456ab542353243
78|1788887949|611cf7b3ccdc6c38b1adea0f217cc4608a5cdf8458a06ab2dc890968b4d5ef9c
79|1788889629|ae09a8b67cd5b335cda61daafb28ac53c5085c1dc5da7f035bea73eeee210187
